// Jest Snapshot v1, https://goo.gl/fbAQLP

exports[`Auth Routes /login should have a validation schema 1`] = `
Object {
  "properties": Object {
    "body": Object {
      "properties": Object {
        "password": Object {
          "minLength": 1,
          "type": "string",
        },
        "token": Object {
          "type": "string",
        },
        "username": Object {
          "minLength": 1,
          "type": "string",
        },
      },
      "required": Array [
        "username",
        "password",
      ],
      "type": "object",
    },
  },
  "required": Array [
    "body",
  ],
  "type": "object",
}
`;
