// Jest Snapshot v1, https://goo.gl/fbAQLP

exports[`Attachments Routes /download should fail when attachment does not exist 1`] = `"received is not a function"`;

exports[`Attachments Routes /download should fail when entity does not exists 1`] = `"received is not a function"`;

exports[`Attachments Routes /download should have a validation schema 1`] = `
Object {
  "children": Object {
    "_id": Object {
      "flags": Object {
        "presence": "required",
      },
      "invalids": Array [
        "",
      ],
      "rules": Array [
        Object {
          "arg": Object {
            "pattern": /\\^\\[0-9a-fA-F\\]\\{24\\}\\$/,
          },
          "name": "regex",
        },
      ],
      "type": "string",
    },
    "file": Object {
      "flags": Object {
        "presence": "required",
      },
      "invalids": Array [
        "",
      ],
      "type": "string",
    },
  },
  "flags": Object {
    "presence": "required",
  },
  "type": "object",
}
`;
