// Jest Snapshot v1, https://goo.gl/fbAQLP

exports[`Activitylog should render an ActivitylogForm and ActivitylogList 1`] = `
<div
  className="activity-log"
>
  <Connect(ActivitylogForm) />
  <Connect(ActivityLogList) />
</div>
`;

exports[`Activitylog should request the activitylog 1`] = `
Array [
  Object {
    "type": "activitylog/SET",
    "value": Array [
      Object {
        "url": "/api/entities",
      },
    ],
  },
]
`;
