// Jest Snapshot v1, https://goo.gl/fbAQLP

exports[`Activitylog should render an ActivitylogForm and ActivitylogList 1`] = `
<div
  className="settings-content without-footer"
>
  <div
    className="activity-log panel panel-default"
  >
    <div
      className="panel-heading"
    >
      <Connect(I18NLink)
        className="only-mobile"
        to="settings/"
      >
        <Connect(Icon)
          directionAware={true}
          icon="arrow-left"
        />
        <span
          className="btn-label"
        >
          <Connect(Translate)>
            Back
          </Connect(Translate)>
        </span>
      </Connect(I18NLink)>
      <Connect(Translate)>
        Activity log
      </Connect(Translate)>
    </div>
    <Connect(ActivitylogForm)>
      <Connect(ActivityLogListComponent) />
    </Connect(ActivitylogForm)>
  </div>
</div>
`;

exports[`Activitylog should request the activitylog 1`] = `
Array [
  Object {
    "type": "activitylog/search/SET",
    "value": Array [
      Object {
        "url": "/api/entities",
      },
    ],
  },
  Object {
    "type": "activitylog/list/SET",
    "value": undefined,
  },
]
`;
