// Jest Snapshot v1, https://goo.gl/fbAQLP

exports[`Settings Thesauri ThesauriList Thesaurus deletion should ask for confirmation to delete the selection 1`] = `
HTMLCollection [
  <tbody>
    <tr
      class="text-gray-900 border-b transition-colors hover:bg-gray-50  "
    >
      <td
        class="relative px-4 py-2 undefined "
      >
        <label>
          <span
            class="translation sr-only"
          >
            Select
          </span>
          <input
            class="bg-gray-50 rounded border-gray-300 cursor-pointer disabled:cursor-not-allowed disabled:opacity-50"
            id="thesaurus3"
            type="checkbox"
          />
        </label>
      </td>
      <td
        class="relative px-4 py-2 undefined "
      >
        <div
          class="flex items-center"
        >
          <span
            class="text-indigo-700"
          >
            Animals
          </span>
          <div
            class="has-[span:not(.active)]:hidden h-full p-1 ml-2 border-2 border-gray-400 border-solid rounded-lg border-y-0"
          >
            <span
              class="translation "
            >
              Animals
            </span>
          </div>
        </div>
      </td>
      <td
        class="relative px-4 py-2 undefined "
      >
        <div
          class="flex flex-wrap gap-2"
        />
      </td>
      <td
        class="relative px-4 py-2 undefined "
      >
        <button
          class="leading-4 bg-white text-gray-700 disabled:text-gray-300 border-gray-200 enabled:hover:text-primary-700 enabled:hover:bg-primary-50 enabled:hover:border-primary-800 text-xs px-3 py-2 disabled:cursor-not-allowed font-medium rounded-lg
      border focus:outline-none focus:ring-4 focus:ring-indigo-200 "
          type="button"
        >
          <span
            class="translation "
          >
            Edit
          </span>
        </button>
      </td>
    </tr>
    <tr
      class="text-gray-900 border-b transition-colors hover:bg-gray-50  "
    >
      <td
        class="relative px-4 py-2 undefined "
      >
        <label>
          <span
            class="translation sr-only"
          >
            Select
          </span>
          <input
            class="bg-gray-50 rounded border-gray-300 cursor-pointer disabled:cursor-not-allowed disabled:opacity-50"
            id="thesaurus1"
            type="checkbox"
          />
        </label>
      </td>
      <td
        class="relative px-4 py-2 undefined "
      >
        <div
          class="flex items-center"
        >
          <span
            class="text-indigo-700"
          >
            Colors
          </span>
          <div
            class="has-[span:not(.active)]:hidden h-full p-1 ml-2 border-2 border-gray-400 border-solid rounded-lg border-y-0"
          >
            <span
              class="translation "
            >
              Colors
            </span>
          </div>
        </div>
      </td>
      <td
        class="relative px-4 py-2 undefined "
      >
        <div
          class="flex flex-wrap gap-2"
        />
      </td>
      <td
        class="relative px-4 py-2 undefined "
      >
        <button
          class="leading-4 bg-white text-gray-700 disabled:text-gray-300 border-gray-200 enabled:hover:text-primary-700 enabled:hover:bg-primary-50 enabled:hover:border-primary-800 text-xs px-3 py-2 disabled:cursor-not-allowed font-medium rounded-lg
      border focus:outline-none focus:ring-4 focus:ring-indigo-200 "
          type="button"
        >
          <span
            class="translation "
          >
            Edit
          </span>
        </button>
      </td>
    </tr>
    <tr
      class="text-gray-900 border-b transition-colors hover:bg-gray-50  "
    >
      <td
        class="relative px-4 py-2 undefined "
      >
        <label>
          <span
            class="translation sr-only"
          >
            Select
          </span>
          <input
            class="bg-gray-50 rounded border-gray-300 cursor-pointer disabled:cursor-not-allowed disabled:opacity-50"
            disabled=""
            id="thesaurus2"
            type="checkbox"
          />
        </label>
      </td>
      <td
        class="relative px-4 py-2 undefined "
      >
        <div
          class="flex items-center"
        >
          <span
            class="text-indigo-700"
          >
            Names
          </span>
          <div
            class="has-[span:not(.active)]:hidden h-full p-1 ml-2 border-2 border-gray-400 border-solid rounded-lg border-y-0"
          >
            <span
              class="translation "
            >
              Names
            </span>
          </div>
        </div>
      </td>
      <td
        class="relative px-4 py-2 undefined "
      >
        <div
          class="flex flex-wrap gap-2"
        >
          <div>
            <span
              class="whitespace-nowrap bg-gray-100 px-2.5 py-1 rounded-md text-xs "
              data-testid="pill-comp"
            >
              <span
                class="translation "
              >
                Document
              </span>
            </span>
          </div>
        </div>
      </td>
      <td
        class="relative px-4 py-2 undefined "
      >
        <button
          class="leading-4 bg-white text-gray-700 disabled:text-gray-300 border-gray-200 enabled:hover:text-primary-700 enabled:hover:bg-primary-50 enabled:hover:border-primary-800 text-xs px-3 py-2 disabled:cursor-not-allowed font-medium rounded-lg
      border focus:outline-none focus:ring-4 focus:ring-indigo-200 "
          type="button"
        >
          <span
            class="translation "
          >
            Edit
          </span>
        </button>
      </td>
    </tr>
  </tbody>,
]
`;

exports[`Settings Thesauri ThesauriList Thesaurus deletion should show the selected thesaurus 1`] = `
<div
  class="bottom-0 left-0 w-full px-4 py-3 border-t border-gray-200 sticky z-1 bg-indigo-50 bg-indigo-50"
  data-testid="settings-content-footer"
>
  <div
    class="flex items-center gap-2"
  >
    <button
      class=" text-white bg-error-600 border-error-700  disabled:bg-error-400 disabled:border-error-400 enabled:hover:bg-error-700 enabled:hover:border-error-700 text-xs px-3 py-2 disabled:cursor-not-allowed font-medium rounded-lg
      border focus:outline-none focus:ring-4 focus:ring-indigo-200 "
      data-testid="thesaurus-delete-link"
      type="button"
    >
      <span
        class="translation "
      >
        Delete
      </span>
    </button>
    <span
      class="translation "
    >
      Selected
    </span>
     
    2
     
    <span
      class="translation "
    >
      of
    </span>
     
    3
  </div>
</div>
`;
