// Jest Snapshot v1, https://goo.gl/fbAQLP

exports[`Settings Thesauri ThesauriList Thesaurus deletion should ask for confirmation to delete the selection 1`] = `
HTMLCollection [
  <tbody>
    <tr
      class="border-b transition-colors hover:[background-color:var(--color-theme-surface-warm)]  "
    >
      <td
        class="relative px-4 py-2  "
      >
        <label>
          <span
            class="translation sr-only"
          >
            Select
          </span>
          <input
            class="cursor-pointer rounded-sm disabled:cursor-not-allowed disabled:opacity-50"
            id="thesaurus3"
            type="checkbox"
          />
        </label>
      </td>
      <td
        class="relative px-4 py-2  "
      >
        <div
          class="flex items-center"
        >
          <span
            class="[color:var(--color-theme-text-primary)]"
          >
            Animals
          </span>
          <div
            class="has-[span:not(.active)]:hidden ml-2 h-full rounded-lg border border-solid border-b-0 border-l-2 border-r-2 border-t-0 p-1 [border-color:var(--color-theme-border-default)]"
          >
            <span
              class="translation "
            >
              Animals
            </span>
          </div>
        </div>
      </td>
      <td
        class="relative px-4 py-2  "
      >
        <div
          class="flex flex-wrap gap-2"
        />
      </td>
      <td
        class="relative px-4 py-2  "
      >
        <button
          class="leading-4 px-3 py-1.5 text-xs border rounded-md font-medium transition-colors disabled:cursor-not-allowed focus:outline-hidden focus:[box-shadow:0_0_0_4px_var(--color-theme-control-ring)] enabled:hover:[background-color:var(--color-theme-button-ghost-hover-bg)] enabled:hover:[border-color:var(--color-theme-button-ghost-hover-border)] enabled:hover:[color:var(--color-theme-button-ghost-hover-fg)]"
          type="button"
        >
          <span
            class="translation "
          >
            Edit
          </span>
        </button>
      </td>
    </tr>
    <tr
      class="border-b transition-colors hover:[background-color:var(--color-theme-surface-warm)]  "
    >
      <td
        class="relative px-4 py-2  "
      >
        <label>
          <span
            class="translation sr-only"
          >
            Select
          </span>
          <input
            class="cursor-pointer rounded-sm disabled:cursor-not-allowed disabled:opacity-50"
            id="thesaurus1"
            type="checkbox"
          />
        </label>
      </td>
      <td
        class="relative px-4 py-2  "
      >
        <div
          class="flex items-center"
        >
          <span
            class="[color:var(--color-theme-text-primary)]"
          >
            Colors
          </span>
          <div
            class="has-[span:not(.active)]:hidden ml-2 h-full rounded-lg border border-solid border-b-0 border-l-2 border-r-2 border-t-0 p-1 [border-color:var(--color-theme-border-default)]"
          >
            <span
              class="translation "
            >
              Colors
            </span>
          </div>
        </div>
      </td>
      <td
        class="relative px-4 py-2  "
      >
        <div
          class="flex flex-wrap gap-2"
        />
      </td>
      <td
        class="relative px-4 py-2  "
      >
        <button
          class="leading-4 px-3 py-1.5 text-xs border rounded-md font-medium transition-colors disabled:cursor-not-allowed focus:outline-hidden focus:[box-shadow:0_0_0_4px_var(--color-theme-control-ring)] enabled:hover:[background-color:var(--color-theme-button-ghost-hover-bg)] enabled:hover:[border-color:var(--color-theme-button-ghost-hover-border)] enabled:hover:[color:var(--color-theme-button-ghost-hover-fg)]"
          type="button"
        >
          <span
            class="translation "
          >
            Edit
          </span>
        </button>
      </td>
    </tr>
    <tr
      class="border-b transition-colors hover:[background-color:var(--color-theme-surface-warm)]  "
    >
      <td
        class="relative px-4 py-2  "
      >
        <label>
          <span
            class="translation sr-only"
          >
            Select
          </span>
          <input
            class="cursor-pointer rounded-sm disabled:cursor-not-allowed disabled:opacity-50"
            disabled=""
            id="thesaurus2"
            type="checkbox"
          />
        </label>
      </td>
      <td
        class="relative px-4 py-2  "
      >
        <div
          class="flex items-center"
        >
          <span
            class="[color:var(--color-theme-text-primary)]"
          >
            Names
          </span>
          <div
            class="has-[span:not(.active)]:hidden ml-2 h-full rounded-lg border border-solid border-b-0 border-l-2 border-r-2 border-t-0 p-1 [border-color:var(--color-theme-border-default)]"
          >
            <span
              class="translation "
            >
              Names
            </span>
          </div>
        </div>
      </td>
      <td
        class="relative px-4 py-2  "
      >
        <div
          class="flex flex-wrap gap-2"
        >
          <div>
            <span
              class="whitespace-nowrap [background-color:var(--color-theme-surface-warm)] [color:var(--color-theme-text-secondary)] px-2.5 py-1 rounded-md text-xs"
              data-testid="pill-comp"
            >
              <span
                class="translation "
              >
                Document
              </span>
            </span>
          </div>
        </div>
      </td>
      <td
        class="relative px-4 py-2  "
      >
        <button
          class="leading-4 px-3 py-1.5 text-xs border rounded-md font-medium transition-colors disabled:cursor-not-allowed focus:outline-hidden focus:[box-shadow:0_0_0_4px_var(--color-theme-control-ring)] enabled:hover:[background-color:var(--color-theme-button-ghost-hover-bg)] enabled:hover:[border-color:var(--color-theme-button-ghost-hover-border)] enabled:hover:[color:var(--color-theme-button-ghost-hover-fg)]"
          type="button"
        >
          <span
            class="translation "
          >
            Edit
          </span>
        </button>
      </td>
    </tr>
  </tbody>,
]
`;

exports[`Settings Thesauri ThesauriList Thesaurus deletion should show the selected thesaurus 1`] = `
<div
  class="sticky bottom-0 left-0 z-1 w-full border-t px-4 py-3 border-t-[color-mix(in_srgb,var(--color-theme-border-default)_40%,transparent)] [background-color:var(--color-theme-feedback-info-tint)]"
  data-testid="settings-content-footer"
>
  <div
    class="flex items-center gap-2"
  >
    <button
      class="px-3 py-1.5 text-xs border rounded-md font-medium transition-colors disabled:cursor-not-allowed focus:outline-hidden focus:[box-shadow:0_0_0_4px_var(--color-theme-control-ring)] enabled:hover:opacity-90"
      data-testid="thesaurus-delete-link"
      type="button"
    >
      <span
        class="translation "
      >
        Delete
      </span>
    </button>
    <span
      class="translation "
    >
      Selected
    </span>
     
    2
     
    <span
      class="translation "
    >
      of
    </span>
     
    3
  </div>
</div>
`;
