// Jest Snapshot v1, https://goo.gl/fbAQLP

exports[`Activitylog routes GET should have a validation schema and require authorization 1`] = `
Object {
  "children": Object {
    "limit": Object {
      "invalids": Array [
        Infinity,
        -Infinity,
      ],
      "type": "number",
    },
    "method": Object {
      "flags": Object {
        "sparse": false,
      },
      "items": Array [
        Object {
          "invalids": Array [
            "",
          ],
          "type": "string",
        },
      ],
      "type": "array",
    },
    "search": Object {
      "invalids": Array [
        "",
      ],
      "type": "string",
    },
    "time": Object {
      "children": Object {
        "from": Object {
          "invalids": Array [
            Infinity,
            -Infinity,
          ],
          "type": "number",
        },
        "to": Object {
          "invalids": Array [
            Infinity,
            -Infinity,
          ],
          "type": "number",
        },
      },
      "type": "object",
    },
    "user": Object {
      "invalids": Array [
        "",
      ],
      "rules": Array [
        Object {
          "arg": Object {
            "pattern": /\\^\\[0-9a-fA-F\\]\\{24\\}\\$/,
          },
          "name": "regex",
        },
      ],
      "type": "string",
    },
    "username": Object {
      "invalids": Array [
        "",
      ],
      "type": "string",
    },
  },
  "flags": Object {
    "presence": "required",
  },
  "type": "object",
}
`;
