// Jest Snapshot v1, https://goo.gl/fbAQLP

exports[`elasticMapFactory should return a mapping based on a template 1`] = `
Object {
  "country": Object {
    "mapping": Object {
      "properties": Object {
        "label": Object {
          "analyzer": "tokenizer",
          "fields": Object {
            "raw": Object {
              "type": "keyword",
            },
            "sort": Object {
              "analyzer": "string_sorter",
              "fielddata": true,
              "type": "text",
            },
          },
          "index": true,
          "omit_norms": true,
          "term_vector": "with_positions_offsets",
          "type": "text",
        },
        "value": Object {
          "index": true,
          "type": "keyword",
        },
      },
    },
    "match": "country",
    "match_mapping_type": "string",
  },
  "date_of_birth": Object {
    "mapping": Object {
      "properties": Object {
        "label": Object {
          "analyzer": "tokenizer",
          "fields": Object {
            "raw": Object {
              "type": "keyword",
            },
            "sort": Object {
              "analyzer": "string_sorter",
              "fielddata": true,
              "type": "text",
            },
          },
          "index": true,
          "omit_norms": true,
          "term_vector": "with_positions_offsets",
          "type": "text",
        },
        "value": Object {
          "doc_values": true,
          "type": "date",
        },
      },
    },
    "match": "date_of_birth",
    "match_mapping_type": "string",
  },
  "external_profile": Object {
    "mapping": Object {
      "properties": Object {
        "value": Object {
          "properties": Object {
            "label": Object {
              "analyzer": "tokenizer",
              "fields": Object {
                "raw": Object {
                  "type": "keyword",
                },
                "sort": Object {
                  "analyzer": "string_sorter",
                  "fielddata": true,
                  "type": "text",
                },
              },
              "index": true,
              "omit_norms": true,
              "term_vector": "with_positions_offsets",
              "type": "text",
            },
            "url": Object {
              "index": false,
              "type": "text",
            },
          },
        },
      },
    },
    "match": "external_profile",
    "match_mapping_type": "string",
  },
  "name": Object {
    "mapping": Object {
      "properties": Object {
        "label": Object {
          "analyzer": "tokenizer",
          "fields": Object {
            "raw": Object {
              "type": "keyword",
            },
            "sort": Object {
              "analyzer": "string_sorter",
              "fielddata": true,
              "type": "text",
            },
          },
          "index": true,
          "omit_norms": true,
          "term_vector": "with_positions_offsets",
          "type": "text",
        },
        "value": Object {
          "analyzer": "tokenizer",
          "fields": Object {
            "raw": Object {
              "type": "keyword",
            },
            "sort": Object {
              "analyzer": "string_sorter",
              "fielddata": true,
              "type": "text",
            },
          },
          "index": true,
          "omit_norms": true,
          "term_vector": "with_positions_offsets",
          "type": "text",
        },
      },
    },
    "match": "name",
    "match_mapping_type": "string",
  },
  "number_of_incidents": Object {
    "mapping": Object {
      "properties": Object {
        "value": Object {
          "doc_values": true,
          "fields": Object {
            "raw": Object {
              "index": false,
              "type": "double",
            },
            "sort": Object {
              "type": "double",
            },
          },
          "type": "double",
        },
      },
    },
    "match": "number_of_incidents",
    "match_mapping_type": "string",
  },
  "photo": Object {
    "mapping": Object {
      "properties": Object {
        "value": Object {
          "index": false,
          "type": "text",
        },
      },
    },
    "match": "photo",
    "match_mapping_type": "string",
  },
  "preview": Object {
    "mapping": undefined,
    "match": "preview",
    "match_mapping_type": "string",
  },
  "prisonLocation": Object {
    "mapping": Object {
      "properties": Object {
        "value": Object {
          "properties": Object {
            "label": Object {
              "analyzer": "tokenizer",
              "fields": Object {
                "raw": Object {
                  "type": "keyword",
                },
                "sort": Object {
                  "analyzer": "string_sorter",
                  "fielddata": true,
                  "type": "text",
                },
              },
              "index": true,
              "omit_norms": true,
              "term_vector": "with_positions_offsets",
              "type": "text",
            },
            "lat": Object {
              "doc_values": true,
              "type": "double",
            },
            "lon": Object {
              "doc_values": true,
              "type": "double",
            },
          },
        },
      },
    },
    "match": "prisonLocation",
    "match_mapping_type": "string",
  },
  "years_in_prison": Object {
    "mapping": Object {
      "properties": Object {
        "label": Object {
          "analyzer": "tokenizer",
          "fields": Object {
            "raw": Object {
              "type": "keyword",
            },
            "sort": Object {
              "analyzer": "string_sorter",
              "fielddata": true,
              "type": "text",
            },
          },
          "index": true,
          "omit_norms": true,
          "term_vector": "with_positions_offsets",
          "type": "text",
        },
        "value": Object {
          "properties": Object {
            "from": Object {
              "doc_values": true,
              "type": "date",
            },
            "to": Object {
              "doc_values": true,
              "type": "date",
            },
          },
        },
      },
    },
    "match": "years_in_prison",
    "match_mapping_type": "string",
  },
}
`;
