// Jest Snapshot v1, https://goo.gl/fbAQLP

exports[`elasticMapFactory aliases() should return the alias config for the templates 1`] = `
Object {
  "properties": Object {
    "metadata": Object {
      "properties": Object {
        "country_select.label": Object {
          "path": "metadata.country.label",
          "type": "alias",
        },
        "country_select.value": Object {
          "path": "metadata.country.value",
          "type": "alias",
        },
        "date_of_birth_date.label": Object {
          "path": "metadata.date_of_birth.label",
          "type": "alias",
        },
        "date_of_birth_date.value": Object {
          "path": "metadata.date_of_birth.value",
          "type": "alias",
        },
        "external_profile_link.label": Object {
          "path": "metadata.external_profile.label",
          "type": "alias",
        },
        "external_profile_link.value": Object {
          "path": "metadata.external_profile.value",
          "type": "alias",
        },
        "name_text.label": Object {
          "path": "metadata.name.label",
          "type": "alias",
        },
        "name_text.value": Object {
          "path": "metadata.name.value",
          "type": "alias",
        },
        "number_of_incidents_numeric.label": Object {
          "path": "metadata.number_of_incidents.label",
          "type": "alias",
        },
        "number_of_incidents_numeric.value": Object {
          "path": "metadata.number_of_incidents.value",
          "type": "alias",
        },
        "photo_image.label": Object {
          "path": "metadata.photo.label",
          "type": "alias",
        },
        "photo_image.value": Object {
          "path": "metadata.photo.value",
          "type": "alias",
        },
        "preview_preview.label": Object {
          "path": "metadata.preview.label",
          "type": "alias",
        },
        "preview_preview.value": Object {
          "path": "metadata.preview.value",
          "type": "alias",
        },
        "prisonLocation_geolocation.label": Object {
          "path": "metadata.prisonLocation.label",
          "type": "alias",
        },
        "prisonLocation_geolocation.value": Object {
          "path": "metadata.prisonLocation.value",
          "type": "alias",
        },
        "years_in_prison_daterange.label": Object {
          "path": "metadata.years_in_prison.label",
          "type": "alias",
        },
        "years_in_prison_daterange.value": Object {
          "path": "metadata.years_in_prison.value",
          "type": "alias",
        },
      },
    },
  },
}
`;

exports[`elasticMapFactory ingest() should return the alias config for the templates 1`] = `
Object {
  "description": "rename pipeline",
  "processors": Array [
    Object {
      "rename": Object {
        "field": "name",
        "target_field": "name_text",
      },
    },
    Object {
      "rename": Object {
        "field": "date_of_birth",
        "target_field": "date_of_birth_date",
      },
    },
    Object {
      "rename": Object {
        "field": "country",
        "target_field": "country_select",
      },
    },
    Object {
      "rename": Object {
        "field": "years_in_prison",
        "target_field": "years_in_prison_daterange",
      },
    },
    Object {
      "rename": Object {
        "field": "prisonLocation",
        "target_field": "prisonLocation_geolocation",
      },
    },
    Object {
      "rename": Object {
        "field": "preview",
        "target_field": "preview_preview",
      },
    },
    Object {
      "rename": Object {
        "field": "photo",
        "target_field": "photo_image",
      },
    },
    Object {
      "rename": Object {
        "field": "external_profile",
        "target_field": "external_profile_link",
      },
    },
    Object {
      "rename": Object {
        "field": "number_of_incidents",
        "target_field": "number_of_incidents_numeric",
      },
    },
  ],
}
`;

exports[`elasticMapFactory mapping() should return a mapping based on a template 1`] = `
Object {
  "country": Object {
    "mapping": Object {
      "properties": Object {
        "label": Object {
          "analyzer": "tokenizer",
          "fields": Object {
            "raw": Object {
              "type": "keyword",
            },
            "sort": Object {
              "analyzer": "string_sorter",
              "fielddata": true,
              "type": "text",
            },
          },
          "index": true,
          "omit_norms": true,
          "term_vector": "with_positions_offsets",
          "type": "text",
        },
        "value": Object {
          "index": true,
          "type": "keyword",
        },
      },
    },
    "match": "country",
    "match_mapping_type": "string",
  },
  "date_of_birth": Object {
    "mapping": Object {
      "properties": Object {
        "label": Object {
          "analyzer": "tokenizer",
          "fields": Object {
            "raw": Object {
              "type": "keyword",
            },
            "sort": Object {
              "analyzer": "string_sorter",
              "fielddata": true,
              "type": "text",
            },
          },
          "index": true,
          "omit_norms": true,
          "term_vector": "with_positions_offsets",
          "type": "text",
        },
        "value": Object {
          "doc_values": true,
          "type": "date",
        },
      },
    },
    "match": "date_of_birth",
    "match_mapping_type": "string",
  },
  "external_profile": Object {
    "mapping": Object {
      "properties": Object {
        "value": Object {
          "properties": Object {
            "label": Object {
              "analyzer": "tokenizer",
              "fields": Object {
                "raw": Object {
                  "type": "keyword",
                },
                "sort": Object {
                  "analyzer": "string_sorter",
                  "fielddata": true,
                  "type": "text",
                },
              },
              "index": true,
              "omit_norms": true,
              "term_vector": "with_positions_offsets",
              "type": "text",
            },
            "url": Object {
              "index": false,
              "type": "text",
            },
          },
        },
      },
    },
    "match": "external_profile",
    "match_mapping_type": "string",
  },
  "name": Object {
    "mapping": Object {
      "properties": Object {
        "label": Object {
          "analyzer": "tokenizer",
          "fields": Object {
            "raw": Object {
              "type": "keyword",
            },
            "sort": Object {
              "analyzer": "string_sorter",
              "fielddata": true,
              "type": "text",
            },
          },
          "index": true,
          "omit_norms": true,
          "term_vector": "with_positions_offsets",
          "type": "text",
        },
        "value": Object {
          "analyzer": "tokenizer",
          "fields": Object {
            "raw": Object {
              "type": "keyword",
            },
            "sort": Object {
              "analyzer": "string_sorter",
              "fielddata": true,
              "type": "text",
            },
          },
          "index": true,
          "omit_norms": true,
          "term_vector": "with_positions_offsets",
          "type": "text",
        },
      },
    },
    "match": "name",
    "match_mapping_type": "string",
  },
  "number_of_incidents": Object {
    "mapping": Object {
      "properties": Object {
        "value": Object {
          "doc_values": true,
          "fields": Object {
            "raw": Object {
              "index": false,
              "type": "double",
            },
            "sort": Object {
              "type": "double",
            },
          },
          "type": "double",
        },
      },
    },
    "match": "number_of_incidents",
    "match_mapping_type": "string",
  },
  "photo": Object {
    "mapping": Object {
      "properties": Object {
        "value": Object {
          "index": false,
          "type": "text",
        },
      },
    },
    "match": "photo",
    "match_mapping_type": "string",
  },
  "preview": Object {
    "mapping": undefined,
    "match": "preview",
    "match_mapping_type": "string",
  },
  "prisonLocation": Object {
    "mapping": Object {
      "properties": Object {
        "value": Object {
          "properties": Object {
            "label": Object {
              "analyzer": "tokenizer",
              "fields": Object {
                "raw": Object {
                  "type": "keyword",
                },
                "sort": Object {
                  "analyzer": "string_sorter",
                  "fielddata": true,
                  "type": "text",
                },
              },
              "index": true,
              "omit_norms": true,
              "term_vector": "with_positions_offsets",
              "type": "text",
            },
            "lat": Object {
              "doc_values": true,
              "type": "double",
            },
            "lon": Object {
              "doc_values": true,
              "type": "double",
            },
          },
        },
      },
    },
    "match": "prisonLocation",
    "match_mapping_type": "string",
  },
  "years_in_prison": Object {
    "mapping": Object {
      "properties": Object {
        "label": Object {
          "analyzer": "tokenizer",
          "fields": Object {
            "raw": Object {
              "type": "keyword",
            },
            "sort": Object {
              "analyzer": "string_sorter",
              "fielddata": true,
              "type": "text",
            },
          },
          "index": true,
          "omit_norms": true,
          "term_vector": "with_positions_offsets",
          "type": "text",
        },
        "value": Object {
          "properties": Object {
            "from": Object {
              "doc_values": true,
              "type": "date",
            },
            "to": Object {
              "doc_values": true,
              "type": "date",
            },
          },
        },
      },
    },
    "match": "years_in_prison",
    "match_mapping_type": "string",
  },
}
`;
