// Jest Snapshot v1, https://goo.gl/fbAQLP

exports[`Page selections highlights should render highlights with scale factor 1 1`] = `
<body>
  <div>
    <div
      class="selection"
      data-testid="oldProperty"
    >
      <div
        class="highlight-rectangle"
        style="top: 91px; left: 32px; width: 30px; height: 26px; padding: 0px; margin: 0px; position: absolute; display: block; mix-blend-mode: darken; opacity: 0.5; background-color: rgb(177, 247, 163); z-index: 1;"
      />
    </div>
    <div
      class="selection"
      data-testid="oldTitle"
    >
      <div
        class="highlight-rectangle"
        style="top: 35px; left: 261px; width: 272px; height: 41px; padding: 0px; margin: 0px; position: absolute; display: block; mix-blend-mode: darken; opacity: 0.5; background-color: rgb(177, 247, 163); z-index: 1;"
      />
    </div>
  </div>
</body>
`;
