// Jest Snapshot v1, https://goo.gl/fbAQLP

exports[`NewThesauri static requestState() should request the thesauris 1`] = `
Array [
  Object {
    "type": "thesauris/SET",
    "value": Array [
      Object {
        "name": "Countries",
        "values": Array [
          Object {
            "id": "1",
            "label": "label1",
          },
          Object {
            "id": "2",
            "label": "label2",
          },
        ],
      },
    ],
  },
]
`;
