// Jest Snapshot v1, https://goo.gl/fbAQLP

exports[`ThesaurusCockpit should render a ThesaurusCockpit 1`] = `
<div
  className="panel panel-default"
>
  <div
    className="panel-heading"
  >
    Thesauri &gt; ThesaurusName
    <Connect(I18NLink)
      className="btn btn-primary btn-xs"
      to="/uploads/?q=(filters:(_thesaurus_name:(values:!(any)),thesaurus_name:(values:!(any))),limit:100,order:desc,sort:creationDate)&view=nosearch"
    >
      <Connect(Icon)
        icon="search"
      />
       
      <span>
        Review & Publish
      </span>
    </Connect(I18NLink)>
  </div>
  <div
    className="cockpit"
  >
    <table>
      <thead>
        <tr>
          <th
            scope="col"
          />
          <th
            scope="col"
          >
            Confidence
          </th>
          <th
            scope="col"
          >
            Suggestions
          </th>
          <th
            scope="col"
          />
        </tr>
      </thead>
      <tbody>
        <tr
          key="Topic 1"
        >
          <th
            scope="row"
          >
            Topic 1
          </th>
          <td
            title="quality-icons"
          >
            <div
              className="quality-icon quality-med"
              key="Topic 1"
            >
              <Connect(Icon)
                icon="circle"
                key="Topic 1_0"
              />
              <Connect(Icon)
                icon="circle"
                key="Topic 1_1"
              />
              <Connect(Icon)
                icon={
                  Array [
                    "far",
                    "circle",
                  ]
                }
                key="Topic 1_2"
              />
            </div>
          </td>
          <td
            title="suggestions-count"
          >
            1
          </td>
          <td
            title="review-button"
          >
            <Connect(I18NLink)
              className="btn btn-default btn-xs"
              to="/review?q=(filters:(_thesaurusname:(values:!('id1')),thesaurusname:(values:!(missing))))&includeUnpublished=1"
            >
              <Connect(Icon)
                icon="gavel"
              />
               
              <span
                title="review-button-title"
              >
                Review suggestions
              </span>
            </Connect(I18NLink)>
          </td>
        </tr>
        <tr
          key="Topic 2"
        >
          <th
            scope="row"
          >
            Topic 2
          </th>
          <td
            title="quality-icons"
          >
            <div
              className="quality-icon quality-high"
              key="Topic 2"
            >
              <Connect(Icon)
                icon="circle"
                key="Topic 2_0"
              />
              <Connect(Icon)
                icon="circle"
                key="Topic 2_1"
              />
              <Connect(Icon)
                icon="circle"
                key="Topic 2_2"
              />
            </div>
          </td>
          <td
            title="suggestions-count"
          />
          <td
            title="review-button"
          />
        </tr>
        <tr
          key="Topic 3"
        >
          <th
            scope="row"
          >
            Topic 3
          </th>
          <td
            title="quality-icons"
          >
            <div
              className="quality-icon quality-low"
              key="Topic 3"
            >
              <Connect(Icon)
                icon="circle"
                key="Topic 3_0"
              />
              <Connect(Icon)
                icon={
                  Array [
                    "far",
                    "circle",
                  ]
                }
                key="Topic 3_1"
              />
              <Connect(Icon)
                icon={
                  Array [
                    "far",
                    "circle",
                  ]
                }
                key="Topic 3_2"
              />
            </div>
          </td>
          <td
            title="suggestions-count"
          />
          <td
            title="review-button"
          />
        </tr>
      </tbody>
    </table>
  </div>
  <div
    className="settings-footer"
  >
    <Connect(I18NLink)
      className="btn btn-default"
      to="/settings/dictionaries"
    >
      <Connect(Icon)
        icon="arrow-left"
      />
      <span
        className="btn-label"
      >
        Back
      </span>
    </Connect(I18NLink)>
  </div>
</div>
`;
