// Jest Snapshot v1, https://goo.gl/fbAQLP

exports[`MetadataProperty simple component when type is custom type errors should render duplicated relation error 1`] = `
<span
  className="validation-error"
>
  <Connect(Icon)
    icon="exclamation-triangle"
  />
   Relationship fields must have diferent relationship or diferent type of entity.
</span>
`;
