// Jest Snapshot v1, https://goo.gl/fbAQLP

exports[`HTMLViewer should render multiple items 1`] = `
<div>
  <p
    class="regular-text"
  >
    Text 1
  </p>
  <p
    class="red-text"
  >
    Text 2
  </p>
</div>
`;

exports[`HTMLViewer should render simple string 1`] = `
<div>
  Some basic string
</div>
`;
