// Jest Snapshot v1, https://goo.gl/fbAQLP

exports[`ActivitylogForm should render a form 1`] = `
<div>
  <div
    className="activity-log-form"
  >
    <LocalForm
      initialState={Object {}}
      model="local"
      onSubmit={[Function]}
    >
      <div
        className="form-group col-sm-12 col-md-6 col-lg-2"
      >
        <label
          htmlFor="find"
        >
          <Connect(Translate)>
            User
          </Connect(Translate)>
        </label>
        <DefaultConnectedControlText
          className="form-control"
          id="username"
          model=".username"
        />
      </div>
      <div
        className="form-group col-sm-12 col-md-6 col-lg-4"
      >
        <label
          htmlFor="find"
        >
          <Connect(Translate)>
            Find
          </Connect(Translate)>
        </label>
        <DefaultConnectedControlText
          className="form-control"
          id="find"
          model=".find"
          placeholder="by ids, methods, keywords, etc."
        />
      </div>
      <div
        className="form-group col-sm-12 col-lg-6"
      >
        <label
          htmlFor="time"
        >
          <Connect(Translate)>
            Time
          </Connect(Translate)>
        </label>
        <DateRange
          className="form-control"
          format="yyyy-MM-dd"
          id="time"
          model=".time"
          useTimezone={true}
        />
      </div>
      <div
        className="form-group col-sm-12"
      >
        <button
          className="btn btn-success"
          type="submit"
        >
          <Connect(Translate)>
            Search
          </Connect(Translate)>
        </button>
      </div>
    </LocalForm>
  </div>
  <div
    className="text-center"
  >
    <button
      className="btn btn-default btn-load-more "
      onClick={[Function]}
      type="button"
    >
      x more
    </button>
  </div>
</div>
`;
