// Jest Snapshot v1, https://goo.gl/fbAQLP

exports[`ConfirmModal should render a confirm modal 1`] = `
<Modal
  className=""
  isOpen={true}
  type="danger"
  zIndex={100}
>
  <Body>
    <h4>
      Confirm action
    </h4>
    <p>
      Are you sure you want to continue?
    </p>
  </Body>
  <Footer>
    <button
      className="btn btn-default cancel-button"
      onClick={[Function]}
      type="button"
    >
      <Connect(Translate)>
        Cancel
      </Connect(Translate)>
    </button>
    <button
      className="btn confirm-button btn-danger"
      onClick={[Function]}
      type="button"
    >
      <Connect(Translate)>
        Accept
      </Connect(Translate)>
    </button>
  </Footer>
</Modal>
`;
