// Jest Snapshot v1, https://goo.gl/fbAQLP

exports[`relationtypes routes DELETE should have a validation schema 1`] = `
Object {
  "properties": Object {
    "query": Object {
      "properties": Object {
        "_id": Object {
          "pattern": "^[0-9a-fA-F]{24}$",
          "type": "string",
        },
      },
      "type": "object",
    },
  },
  "required": Array [
    "query",
  ],
  "type": "object",
}
`;

exports[`relationtypes routes GET should have a validation schema 1`] = `
Object {
  "properties": Object {
    "query": Object {
      "properties": Object {
        "_id": Object {
          "pattern": "^[0-9a-fA-F]{24}$",
          "type": "string",
        },
      },
      "type": "object",
    },
  },
  "required": Array [
    "query",
  ],
  "type": "object",
}
`;

exports[`relationtypes routes POST should have a validation schema 1`] = `
Object {
  "properties": Object {
    "body": Object {
      "properties": Object {
        "__v": Object {
          "type": "number",
        },
        "_id": Object {
          "pattern": "^[0-9a-fA-F]{24}$",
          "type": "string",
        },
        "name": Object {
          "type": "string",
        },
        "properties": Object {
          "items": Object {
            "properties": Object {
              "__v": Object {
                "type": "number",
              },
              "_id": Object {
                "type": "string",
              },
              "content": Object {
                "type": "string",
              },
              "filter": Object {
                "type": "boolean",
              },
              "id": Object {
                "type": "string",
              },
              "label": Object {
                "type": "string",
              },
              "localID": Object {
                "type": "string",
              },
              "name": Object {
                "type": "string",
              },
              "nestedProperties": Object {
                "type": "array",
              },
              "prioritySorting": Object {
                "type": "boolean",
              },
              "showInCard": Object {
                "type": "boolean",
              },
              "sortable": Object {
                "type": "boolean",
              },
              "type": Object {
                "type": "string",
              },
            },
            "type": "object",
          },
          "type": "array",
        },
      },
      "type": "object",
    },
  },
  "required": Array [
    "body",
  ],
  "type": "object",
}
`;
