// Jest Snapshot v1, https://goo.gl/fbAQLP

exports[`DocumentResults render should render a result 1`] = `
<React.Fragment>
  <div
    className="view"
  >
    <dl
      className="metadata-type-text"
    >
      <dt
        className="item-header"
      >
        Threshold
      </dt>
      <dd>
        <input
          max="1"
          min="0"
          onChange={[Function]}
          step="0.01"
          type="range"
          value={0.2}
        />
      </dd>
    </dl>
    <dl
      className="metadata-type-numeric"
    >
      <dt>
        Sentences above threshold
      </dt>
      <dd>
        1
      </dd>
    </dl>
    <dl
      className="metadata-type-numeric"
    >
      <dt>
        Average sentence score
      </dt>
      <dd />
    </dl>
  </div>
  <Connect(Component)
    doc={
      Immutable.Map {
        "semanticSearch": Immutable.Map {
          "results": Immutable.List [
            Immutable.Map {
              "score": 9,
            },
            Immutable.Map {
              "score": 11,
            },
          ],
        },
        "avgScore": 10,
      }
    }
    documentViewUrl="/entity/undefined"
    searchTerm=""
    selectSnippet={[Function]}
    snippets={
      Immutable.Map {
        "count": 1,
        "metadata": Immutable.List [],
        "fullText": Immutable.List [
          Immutable.Map {
            "score": 9,
          },
        ],
      }
    }
  />
</React.Fragment>
`;
