// Jest Snapshot v1, https://goo.gl/fbAQLP

exports[`setPageAssets should request page for view 1`] = `
Array [
  Object {
    "type": "page/pageView/SET",
    "value": Object {
      "_id": "abc2",
      "metadata": Object {
        "content": "originalContent",
      },
      "title": "Page 1",
    },
  },
  Object {
    "type": "page/itemLists/SET",
    "value": Array [
      Object {
        "items": Array [
          "resultsFor:0",
        ],
        "options": Object {},
        "params": "?q=(a:1,b:2)",
      },
      Object {
        "items": Array [
          "resultsFor:1",
        ],
        "options": Object {
          "limit": 9,
        },
        "params": "",
      },
      Object {
        "items": Array [
          "resultsFor:2",
        ],
        "options": Object {
          "limit": 0,
        },
        "params": "?q=(x:1,y:!(%27array%27),limit:24)",
      },
      Object {
        "items": Array [
          "resultsFor:3",
        ],
        "options": Object {
          "limit": 12,
        },
        "params": "?order=metadata.form&treatAs=number",
      },
    ],
  },
  Object {
    "type": "page/datasets/SET",
    "value": Object {},
  },
]
`;
