// Jest Snapshot v1, https://goo.gl/fbAQLP

exports[`I18NMenu when there is only one language should only render the inline translation button 1`] = `
<div
  className="translation-menu"
>
  <Connect(NeedAuthorization)
    roles={
      Array [
        "admin",
        "editor",
      ]
    }
  >
    <label
      className="translation-switch"
    >
      <input
        aria-label="Add/edit translations"
        checked={false}
        className="translation-switch-input"
        onChange={[Function]}
        type="checkbox"
      />
      <span
        className="translation-switch-slider"
      />
    </label>
  </Connect(NeedAuthorization)>
  <ul
    aria-label="Languages"
    className="menuNav-I18NMenu"
    role="navigation"
  />
</div>
`;
