// Jest Snapshot v1, https://goo.gl/fbAQLP

exports[`search routes GET /api/semantic-search/:searchId should have a validation schema 1`] = `
Object {
  "children": Object {
    "limit": Object {
      "invalids": Array [
        Infinity,
        -Infinity,
      ],
      "type": "number",
    },
    "minRelevantSentences": Object {
      "invalids": Array [
        Infinity,
        -Infinity,
      ],
      "type": "number",
    },
    "skip": Object {
      "invalids": Array [
        Infinity,
        -Infinity,
      ],
      "type": "number",
    },
    "threshold": Object {
      "invalids": Array [
        Infinity,
        -Infinity,
      ],
      "type": "number",
    },
  },
  "type": "object",
}
`;

exports[`search routes POST /api/semantic-search should have a validation schema 1`] = `
Object {
  "children": Object {
    "documents": Object {
      "flags": Object {
        "sparse": false,
      },
      "items": Array [
        Object {
          "invalids": Array [
            "",
          ],
          "type": "string",
        },
      ],
      "type": "array",
    },
    "query": Object {
      "type": "object",
    },
    "searchTerm": Object {
      "flags": Object {
        "presence": "required",
      },
      "invalids": Array [
        "",
      ],
      "type": "string",
    },
  },
  "flags": Object {
    "presence": "required",
  },
  "type": "object",
}
`;
